ERROR for row 1 with language [nl]
Output template '{context} {current}' contains prefix 'en zo verder. Er zit een klein verschil op, dat de moeite is --  -- om over na te denken Ik herinner mij dat ik op mijn twaalfde op pauken en percussie begon te spelen. Mijn leraar zei: "Wel, hoe gaan we dat doen? Muziek gaat om luisteren." "Ja, akkoord. En wat is het probleem?" Hij zei: "Hoe ga je dit horen? Hoe ga je dat horen?"' but output 'en zo verder. Er zit een klein verschil op, dat de moeite is -- -- om over na te denken Ik herinner mij dat ik op mijn twaalfde op pauken en percussie begon te spelen. Mijn leraar zei: "Wel, hoe gaan we dat doen? Muziek gaat om luisteren." "Ja, akkoord. En wat is het probleem?" Hij zei: "Hoe ga je dit horen? Hoe ga je dat horen?" Ik zei: "Hoe ga je het horen?"' does not match the prefix. Please check whether the template is correct, or force context/current outputs.

ERROR for row 13 with language [nl]
Output template '{context} {current}' contains prefix 'CA: Hoe gaaf is data  Elon, hoe heb je dit gedaan? Deze projecten zijn zo -- PayPal, SolarCity, Tesla, SpaceX, ze zijn zo spectaculair anders, het zijn zeer grote, ambitieuze projecten. Hoe is het in hemelsnaam mogelijk, dat één persoon zó kan innoveren?' but output 'CA: Hoe gaaf is data Elon, hoe heb je dit gedaan? Deze projecten zijn zo -- PayPal, SolarCity, Tesla, SpaceX, ze zijn zo spectaculair anders, het zijn zeer grote, ambitieuze projecten. Hoe is het in hemelsnaam mogelijk, dat één persoon zó kan innoveren? Wat heb je aan jou?' does not match the prefix. Please check whether the template is correct, or force context/current outputs.

ERROR for row 19 with language [nl]
Output template '{context} {current}' contains prefix 'LT:  JF: Nee, dat is waar. Ik besta omdat ik vriendinnen heb. Jij bent er één van.' but output 'LT: JF: Nee, dat is waar. Ik besta omdat ik vriendinnen heb. Jij bent er één van. Ik weet niets van jou. Maar hoe dan ook.' does not match the prefix. Please check whether the template is correct, or force context/current outputs.